I'm sorry, but errors were detected in your script. Please correct the
errors listed below, and try again.


File "game/script.rpy", line 6: expected statement.
    Í
     ^

Ren'Py Version: Ren'Py 8.3.4.24120703
Mon Mar  3 09:44:16 2025
